Microchip MPLAB XC8 Compiler V1.34 ()

Linker command line:

--edf=/opt/microchip/xc8/v1.34/dat/en_msgs.txt -cs \
  -h+dist/default/production/WS2812.X.production.sym \
  --cmf=dist/default/production/WS2812.X.production.cmf -z -Q18F25K80 \
  -o/tmp/cgts3bMjD -Mdist/default/production/WS2812.X.production.map -E1 \
  -ver=XC8 -ASTACK=0180h-0bffh -pstack=STACK -ACODE=00h-07FFFh \
  -ACONST=00h-07FFFh -ASMALLCONST=0F00h-0FFFhx113 \
  -AMEDIUMCONST=0F00h-07FFFh -ACOMRAM=01h-05Fh -AABS1=00h-0E40h \
  -ABIGRAM=01h-0E40h -ARAM=060h-0FFh,0100h-01FFhx13,0E00h-0E40h \
  -ABANK0=060h-0FFh -ABANK1=0100h-01FFh -ABANK2=0200h-02FFh \
  -ABANK3=0300h-03FFh -ABANK4=0400h-04FFh -ABANK5=0500h-05FFh \
  -ABANK6=0600h-06FFh -ABANK7=0700h-07FFh -ABANK8=0800h-08FFh \
  -ABANK9=0900h-09FFh -ABANK10=0A00h-0AFFh -ABANK11=0B00h-0BFFh \
  -ABANK12=0C00h-0CFFh -ABANK13=0D00h-0DFFh -ABANK14=0E00h-0E40h \
  -ASFR=0E41h-0EFFh,0F00h-0F5Fh,0F60h-0FFFh \
  -preset_vec=00h,intcode,intcodelo,powerup,init,end_init -pramtop=0F00h \
  -psmallconst=SMALLCONST -pmediumconst=MEDIUMCONST -pconst=CONST \
  -AFARRAM=00h-00h -ACONFIG=0300000h-030000Dh -pconfig=CONFIG \
  -AIDLOC=0200000h-0200007h -pidloc=IDLOC -AEEDATA=0F00000h-0F003FFh \
  -peeprom_data=EEDATA \
  -prdata=COMRAM,nvrram=COMRAM,nvbit=COMRAM,rbss=COMRAM,rbit=COMRAM \
  -pfarbss=FARRAM,fardata=FARRAM,nvFARRAM=FARRAM \
  -pintsave_regs=BIGRAM,bigbss=BIGRAM,bigdata=BIGRAM -pbss=RAM \
  -pidata=CODE,irdata=CODE,ibigdata=CODE,ifardata=CODE -prparam=COMRAM \
  /tmp/cgtVmKAjo.obj dist/default/production/WS2812.X.production.obj 

Object code version is 3.11

Machine type is 18F25K80

Call graph: (short form)




                Name                               Link     Load   Length Selector   Space Scale
/tmp/cgtVmKAjo.obj
                end_init                              0        0        4        0       0
                idloc                            200000   200000        8   200000       0
                config                           300000   300000        E   300000       0
dist/default/production/WS2812.X.production.obj
                mediumconst                        79FE     79FE      602     3CFF       0
                text16                             7306     7306       2C     3983       0
                text15                             75C2     75C2       6E     3AE1       0
                text14                             72B8     72B8        A     395C       0
                text13                             76A2     76A2       DE     3B51       0
                text12                             7780     7780      130     3BC0       0
                text11                             72C2     72C2        C     3961       0
                text10                             72CE     72CE       12     3967       0
                text9                              7332     7332       52     3999       0
                text8                              7384     7384       52     39C2       0
                text7                              73D6     73D6       52     39EB       0
                text6                              7428     7428       52     3A14       0
                text5                              747A     747A       52     3A3D       0
                text4                              74CC     74CC       52     3A66       0
                text3                              751E     751E       52     3A8F       0
                text2                              7570     7570       52     3AB8       0
                text1                              7630     7630       72     3B18       0
                text0                              78B0     78B0      14E     3C58       0
                cstackCOMRAM                          1        1       1C        1       1
                bssBANK1                            100      100       80      100       1
                bssBANK0                             60       60       80       60       1
                bssCOMRAM                            1D       1D        2        1       1
                cinit                              72E0     72E0       26     3970       0

TOTAL           Name                               Link     Load   Length     Space
        CLASS   STACK          

        CLASS   CODE           
                end_init                              0        0        4         0
                text16                             7306     7306       2C         0
                text15                             75C2     75C2       6E         0
                text14                             72B8     72B8        A         0
                text13                             76A2     76A2       DE         0
                text12                             7780     7780      130         0
                text11                             72C2     72C2        C         0
                text10                             72CE     72CE       12         0
                text9                              7332     7332       52         0
                text8                              7384     7384       52         0
                text7                              73D6     73D6       52         0
                text6                              7428     7428       52         0
                text5                              747A     747A       52         0
                text4                              74CC     74CC       52         0
                text3                              751E     751E       52         0
                text2                              7570     7570       52         0
                text1                              7630     7630       72         0
                text0                              78B0     78B0      14E         0
                cinit                              72E0     72E0       26         0

        CLASS   CONST          

        CLASS   SMALLCONST     

        CLASS   MEDIUMCONST    
                mediumconst                        79FE     79FE      602         0

        CLASS   COMRAM         
                cstackCOMRAM                          1        1       1C         1
                bssCOMRAM                            1D       1D        2         1

        CLASS   ABS1           
                abs_s1                              C00      C00       F3         1

        CLASS   BIGRAM         

        CLASS   RAM            

        CLASS   BANK0          
                bssBANK0                             60       60       80         1

        CLASS   BANK1          
                bssBANK1                            100      100       80         1

        CLASS   BANK2          

        CLASS   BANK3          

        CLASS   BANK4          

        CLASS   BANK5          

        CLASS   BANK6          

        CLASS   BANK7          

        CLASS   BANK8          

        CLASS   BANK9          

        CLASS   BANK10         

        CLASS   BANK11         

        CLASS   BANK12         

        CLASS   BANK13         

        CLASS   BANK14         

        CLASS   SFR            

        CLASS   FARRAM         

        CLASS   CONFIG         
                config                           300000   300000        E         0

        CLASS   IDLOC          
                idloc                            200000   200000        8         0

        CLASS   EEDATA         



SEGMENTS        Name                           Load    Length   Top    Selector   Space  Class

                reset_vec                      000000  000004  000004         0       0  CODE    
                cstackCOMRAM                   000001  00001E  00001F         1       1  COMRAM  
                bssBANK0                       000060  000080  0000E0        60       1  BANK0   
                bssBANK1                       000100  000080  000180       100       1  BANK1   
                text14                         0072B8  00000A  0072C2      395C       0  CODE    
                text11                         0072C2  00000C  0072CE      3961       0  CODE    
                text10                         0072CE  000012  0072E0      3967       0  CODE    
                cinit                          0072E0  000026  007306      3970       0  CODE    
                text16                         007306  00002C  007332      3983       0  CODE    
                text9                          007332  000052  007384      3999       0  CODE    
                text8                          007384  000052  0073D6      39C2       0  CODE    
                text7                          0073D6  000052  007428      39EB       0  CODE    
                text6                          007428  000052  00747A      3A14       0  CODE    
                text5                          00747A  000052  0074CC      3A3D       0  CODE    
                text4                          0074CC  000052  00751E      3A66       0  CODE    
                text3                          00751E  000052  007570      3A8F       0  CODE    
                text2                          007570  000052  0075C2      3AB8       0  CODE    
                text15                         0075C2  00006E  007630      3AE1       0  CODE    
                text1                          007630  000072  0076A2      3B18       0  CODE    
                text13                         0076A2  0000DE  007780      3B51       0  CODE    
                text12                         007780  000130  0078B0      3BC0       0  CODE    
                text0                          0078B0  00014E  0079FE      3C58       0  CODE    
                mediumconst                    0079FE  000602  008000      3CFF       0  MEDIUMCO
                idloc                          200000  000008  200008    200000       0  IDLOC   
                config                         300000  00000E  30000E    300000       0  CONFIG  


UNUSED ADDRESS RANGES

        Name                Unused          Largest block    Delta
        BANK0            0000E0-0000FF               20
        BANK1            000180-0001FF               80
        BANK10           000A00-000AFF              100
        BANK11           000B00-000BFF              100
        BANK12           000CF3-000CFF                D
        BANK13           000D00-000DFF              100
        BANK14           000E00-000E40               41
        BANK2            000200-0002FF              100
        BANK3            000300-0003FF              100
        BANK4            000400-0004FF              100
        BANK5            000500-0005FF              100
        BANK6            000600-0006FF              100
        BANK7            000700-0007FF              100
        BANK8            000800-0008FF              100
        BANK9            000900-0009FF              100
        BIGRAM           00001F-00005F               41
                         0000E0-0000FF               20
                         000180-000BFF              A80
                         000CF3-000E40              14E
        CODE             000004-0072B7             72B4
        COMRAM           00001F-00005F               41
        CONST            000004-0072B7             72B4
        EEDATA           F00000-F003FF              400
        MEDIUMCONST      000F00-0072B7             63B8
        RAM              0000E0-0000FF               20
                         000180-000BFF              100
                         000CF3-000E40              100
        SFR              000E41-000FFF               BF
        SMALLCONST       000F00-0072B7              100
        STACK            000180-000BFF              A80

                                  Symbol Table

?___aldiv                 cstackCOMRAM 000001
DelayMs@i                 cstackCOMRAM 000004
DelayMs@x                 cstackCOMRAM 000001
SetAllRGB@blue            cstackCOMRAM 000002
SetAllRGB@green           cstackCOMRAM 000001
SetAllRGB@i               cstackCOMRAM 000004
SetAllRGB@idx             cstackCOMRAM 000006
SetAllRGB@red             cstackCOMRAM 000003
UART_Init@baudrate        cstackCOMRAM 00000F
UART_Init@x               cstackCOMRAM 00001B
WS2812Write@var           cstackCOMRAM 000001
_ADCON0                   (abs)        000FC2
_ADCON1                   (abs)        000FC1
_ADCON2                   (abs)        000FC0
_ADRESH                   (abs)        000FC4
_ADRESL                   (abs)        000FC3
_DelayMs                  text16       007306
_GODONE                   (abs)        007E11
_LATA                     (abs)        000F89
_LATB                     (abs)        000F8A
_LATBbits                 (abs)        000F8A
_LATC                     (abs)        000F8B
_OSCCONbits               (abs)        000FD3
_OSCTUNEbits              (abs)        000F9B
_PORTA                    (abs)        000F80
_RA1                      (abs)        007C01
_RA2                      (abs)        007C02
_RA3                      (abs)        007C03
_RCIF                     (abs)        007CF5
_RCREG                    (abs)        000FAE
_RCSTA1bits               (abs)        000FAB
_SPBRG                    (abs)        000FAF
_SetAllRGB                text15       0075C2
_Sinewave                 mediumconst  0079FF
_TRISA                    (abs)        000F92
_TRISB                    (abs)        000F93
_TRISC                    (abs)        000F94
_TRISC6                   (abs)        007CA6
_TRISC7                   (abs)        007CA7
_TXREG                    (abs)        000FAD
_TXSTA1bits               (abs)        000FAC
_TXSTA2bits               (abs)        000FBA
_UART_Data_Ready          text14       0072B8
_UART_Init                text12       007780
_UART_Read                text11       0072C2
_WS2812Write              text10       0072CE
__CFG_CP0$OFF             (abs)        000000
__CFG_FCMEN$OFF           (abs)        000000
__CFG_IESO$OFF            (abs)        000000
__CFG_PLLCFG$ON           (abs)        000000
__CFG_WDTEN$OFF           (abs)        000000
__CFG_WDTPS$1             (abs)        000000
__CFG_XINST$OFF           (abs)        000000
__HRAM                    (abs)        000000
__Habs1                   abs1         000000
__Hbank0                  bank0        000000
__Hbank1                  bank1        000000
__Hbank10                 bank10       000000
__Hbank11                 bank11       000000
__Hbank12                 bank12       000000
__Hbank13                 bank13       000000
__Hbank14                 bank14       000000
__Hbank2                  bank2        000000
__Hbank3                  bank3        000000
__Hbank4                  bank4        000000
__Hbank5                  bank5        000000
__Hbank6                  bank6        000000
__Hbank7                  bank7        000000
__Hbank8                  bank8        000000
__Hbank9                  bank9        000000
__Hbigbss                 bigbss       000000
__Hbigdata                bigdata      000000
__Hbigram                 bigram       000000
__Hbss                    bss          000000
__HbssBANK0               bssBANK0     000000
__HbssBANK1               bssBANK1     000000
__HbssCOMRAM              bssCOMRAM    000000
__Hcinit                  cinit        000000
__Hclrtext                clrtext      000000
__Hcomram                 comram       000000
__Hconfig                 config       30000E
__Hconst                  const        000000
__HcstackCOMRAM           cstackCOMRAM 000000
__Hdata                   data         000000
__Heeprom_data            eeprom_data  000000
__Hend_init               end_init     000004
__Hfarbss                 farbss       000000
__Hfardata                fardata      000000
__Hibigdata               ibigdata     000000
__Hidata                  idata        000000
__Hidloc                  idloc        200008
__Hifardata               ifardata     000000
__Hinit                   init         000000
__Hintcode                intcode      000000
__Hintcode_body           intcode_body 000000
__Hintcodelo              intcodelo    000000
__Hintentry               intentry     000000
__Hintret                 intret       000000
__Hintsave_regs           intsave_regs 000000
__Hirdata                 irdata       000000
__Hmediumconst            mediumconst  008000
__HnvFARRAM               nvFARRAM     000000
__Hnvbit                  nvbit        000000
__Hnvrram                 nvrram       000000
__Hparam                  rparam       000000
__Hpowerup                powerup      000000
__Hram                    ram          000000
__Hramtop                 ramtop       000F00
__Hrbit                   rbit         000000
__Hrbss                   rbss         000000
__Hrdata                  rdata        000000
__Hreset_vec              reset_vec    000000
__Hrparam                 rparam       000000
__Hsfr                    sfr          000000
__Hsmallconst             smallconst   000000
__Hspace_0                (abs)        30000E
__Hspace_1                (abs)        000180
__Hspace_2                (abs)        000000
__Hstack                  stack        000000
__Hstruct                 struct       000000
__Htemp                   temp         000000
__Htext                   text         000000
__Htext0                  text0        000000
__Htext1                  text1        000000
__Htext10                 text10       000000
__Htext11                 text11       000000
__Htext12                 text12       000000
__Htext13                 text13       000000
__Htext14                 text14       000000
__Htext15                 text15       000000
__Htext16                 text16       000000
__Htext2                  text2        000000
__Htext3                  text3        000000
__Htext4                  text4        000000
__Htext5                  text5        000000
__Htext6                  text6        000000
__Htext7                  text7        000000
__Htext8                  text8        000000
__Htext9                  text9        000000
__LRAM                    (abs)        000001
__Labs1                   abs1         000000
__Lbank0                  bank0        000000
__Lbank1                  bank1        000000
__Lbank10                 bank10       000000
__Lbank11                 bank11       000000
__Lbank12                 bank12       000000
__Lbank13                 bank13       000000
__Lbank14                 bank14       000000
__Lbank2                  bank2        000000
__Lbank3                  bank3        000000
__Lbank4                  bank4        000000
__Lbank5                  bank5        000000
__Lbank6                  bank6        000000
__Lbank7                  bank7        000000
__Lbank8                  bank8        000000
__Lbank9                  bank9        000000
__Lbigbss                 bigbss       000000
__Lbigdata                bigdata      000000
__Lbigram                 bigram       000000
__Lbss                    bss          000000
__LbssBANK0               bssBANK0     000000
__LbssBANK1               bssBANK1     000000
__LbssCOMRAM              bssCOMRAM    000000
__Lcinit                  cinit        000000
__Lclrtext                clrtext      000000
__Lcomram                 comram       000000
__Lconfig                 config       300000
__Lconst                  const        000000
__LcstackCOMRAM           cstackCOMRAM 000000
__Ldata                   data         000000
__Leeprom_data            eeprom_data  000000
__Lend_init               end_init     000000
__Lfarbss                 farbss       000000
__Lfardata                fardata      000000
__Libigdata               ibigdata     000000
__Lidata                  idata        000000
__Lidloc                  idloc        200000
__Lifardata               ifardata     000000
__Linit                   init         000000
__Lintcode                intcode      000000
__Lintcode_body           intcode_body 000000
__Lintcodelo              intcodelo    000000
__Lintentry               intentry     000000
__Lintret                 intret       000000
__Lintsave_regs           intsave_regs 000000
__Lirdata                 irdata       000000
__Lmediumconst            mediumconst  0079FE
__LnvFARRAM               nvFARRAM     000000
__Lnvbit                  nvbit        000000
__Lnvrram                 nvrram       000000
__Lparam                  rparam       000000
__Lpowerup                powerup      000000
__Lram                    ram          000000
__Lramtop                 ramtop       000F00
__Lrbit                   rbit         000000
__Lrbss                   rbss         000000
__Lrdata                  rdata        000000
__Lreset_vec              reset_vec    000000
__Lrparam                 rparam       000000
__Lsfr                    sfr          000000
__Lsmallconst             smallconst   000000
__Lspace_0                (abs)        000000
__Lspace_1                (abs)        000000
__Lspace_2                (abs)        000000
__Lstack                  stack        000000
__Lstruct                 struct       000000
__Ltemp                   temp         000000
__Ltext                   text         000000
__Ltext0                  text0        000000
__Ltext1                  text1        000000
__Ltext10                 text10       000000
__Ltext11                 text11       000000
__Ltext12                 text12       000000
__Ltext13                 text13       000000
__Ltext14                 text14       000000
__Ltext15                 text15       000000
__Ltext16                 text16       000000
__Ltext2                  text2        000000
__Ltext3                  text3        000000
__Ltext4                  text4        000000
__Ltext5                  text5        000000
__Ltext6                  text6        000000
__Ltext7                  text7        000000
__Ltext8                  text8        000000
__Ltext9                  text9        000000
__S0                      (abs)        30000E
__S1                      (abs)        000180
__S2                      (abs)        000000
___aldiv                  text13       0076A2
___aldiv@counter          cstackCOMRAM 000009
___aldiv@dividend         cstackCOMRAM 000001
___aldiv@divisor          cstackCOMRAM 000005
___aldiv@quotient         cstackCOMRAM 00000B
___aldiv@sign             cstackCOMRAM 00000A
___inthi_sp               stack        000000
___intlo_sp               stack        000000
___param_bank             (abs)        000010
___rparam_used            (abs)        000001
___sp                     stack        000000
__accesstop               (abs)        000060
__activetblptr            (abs)        000002
__end_of_DelayMs          text16       007332
__end_of_SetAllRGB        text15       007630
__end_of_Sinewave         mediumconst  007FFF
__end_of_UART_Data_Ready  text14       0072C2
__end_of_UART_Init        text12       0078B0
__end_of_UART_Read        text11       0072CE
__end_of_WS2812Write      text10       0072E0
__end_of___aldiv          text13       007780
__end_of__initialization  cinit        0072FC
__end_of_main             text0        0079FE
__end_of_writePin0        text9        007384
__end_of_writePin1        text8        0073D6
__end_of_writePin2        text7        007428
__end_of_writePin3        text6        00747A
__end_of_writePin4        text5        0074CC
__end_of_writePin5        text4        00751E
__end_of_writePin6        text3        007570
__end_of_writePin7        text2        0075C2
__end_of_writePinMain     text1        0076A2
__initialization          cinit        0072E0
__mediumconst             mediumconst  0079FE
__pbssBANK0               bssBANK0     000060
__pbssBANK1               bssBANK1     000100
__pbssCOMRAM              bssCOMRAM    00001D
__pcinit                  cinit        0072E0
__pcstackCOMRAM           cstackCOMRAM 000001
__pmediumconst            mediumconst  0079FE
__ptext0                  text0        0078B0
__ptext1                  text1        007630
__ptext10                 text10       0072CE
__ptext11                 text11       0072C2
__ptext12                 text12       007780
__ptext13                 text13       0076A2
__ptext14                 text14       0072B8
__ptext15                 text15       0075C2
__ptext16                 text16       007306
__ptext2                  text2        007570
__ptext3                  text3        00751E
__ptext4                  text4        0074CC
__ptext5                  text5        00747A
__ptext6                  text6        007428
__ptext7                  text7        0073D6
__ptext8                  text8        007384
__ptext9                  text9        007332
__ramtop                  ramtop       000F00
__size_of_DelayMs         (abs)        000000
__size_of_SetAllRGB       (abs)        000000
__size_of_UART_Data_Ready (abs)        000000
__size_of_UART_Init       (abs)        000000
__size_of_UART_Read       (abs)        000000
__size_of_WS2812Write     (abs)        000000
__size_of___aldiv         (abs)        000000
__size_of_main            (abs)        000000
__size_of_writePin0       (abs)        000000
__size_of_writePin1       (abs)        000000
__size_of_writePin2       (abs)        000000
__size_of_writePin3       (abs)        000000
__size_of_writePin4       (abs)        000000
__size_of_writePin5       (abs)        000000
__size_of_writePin6       (abs)        000000
__size_of_writePin7       (abs)        000000
__size_of_writePinMain    (abs)        000000
__smallconst              smallconst   000000
_bitCount                 (abs)        000C01
_imaginaryNumbers         bssBANK1     000100
_ledCount                 (abs)        000C02
_ledData                  (abs)        000C03
_main                     text0        0078B0
_realNumbers              bssBANK0     000060
_tmpData                  (abs)        000C00
_var                      bssCOMRAM    00001D
_writePin0                text9        007332
_writePin1                text8        007384
_writePin2                text7        0073D6
_writePin3                text6        007428
_writePin4                text5        00747A
_writePin5                text4        0074CC
_writePin6                text3        00751E
_writePin7                text2        007570
_writePinMain             text1        007630
end_of_initialization     cinit        0072FC
intlevel0                 text         000000
intlevel1                 text         000000
intlevel2                 text         000000
intlevel3                 text         000000
stackhi                   (abs)        000BFF
stacklo                   (abs)        000180
start                     init         000000
start_initialization      cinit        0072E0
writePinMain@pinChoice    cstackCOMRAM 000001


FUNCTION INFORMATION:

 *************** function _main *****************
 Defined at:
		line 19 in file "main.c"
 Parameters:    Size  Location     Type
		None
 Auto vars:     Size  Location     Type
		None
 Return value:  Size  Location     Type
		None               void
 Registers used:
		wreg, fsr2l, fsr2h, status,2, status,0, prodl, prodh, cstack
 Tracked objects:
		On entry : 
		On exit  : 
		Unchanged: 
 Data sizes:     COMRAM   BANK0   BANK1   BANK2   BANK3   BANK4   BANK5   BANK6   BANK7   BANK8   BANK9  BANK10  BANK11  BANK12  BANK13  BANK14
      Params:         0       0       0       0       0       0       0       0       0       0       0       0       0       0       0       0
      Locals:         0       0       0       0       0       0       0       0       0       0       0       0       0       0       0       0
      Temps:          0       0       0       0       0       0       0       0       0       0       0       0       0       0       0       0
      Totals:         0       0       0       0       0       0       0       0       0       0       0       0       0       0       0       0
Total ram usage:        0 bytes
 Hardware stack levels required when called:    2
 This function calls:
		_DelayMs
		_SetAllRGB
		_UART_Data_Ready
		_UART_Init
		_UART_Read
		_WS2812Write
		_writePinMain
 This function is called by:
		Startup code after reset
 This function uses a non-reentrant model


 *************** function _writePinMain *****************
 Defined at:
		line 8 in file "assemblers.c"
 Parameters:    Size  Location     Type
  pinChoice       2    0[COMRAM] int 
 Auto vars:     Size  Location     Type
		None
 Return value:  Size  Location     Type
		None               void
 Registers used:
		wreg, status,2, status,0, cstack
 Tracked objects:
		On entry : 
		On exit  : 
		Unchanged: 
 Data sizes:     COMRAM   BANK0   BANK1   BANK2   BANK3   BANK4   BANK5   BANK6   BANK7   BANK8   BANK9  BANK10  BANK11  BANK12  BANK13  BANK14
      Params:         2       0       0       0       0       0       0       0       0       0       0       0       0       0       0       0
      Locals:         0       0       0       0       0       0       0       0       0       0       0       0       0       0       0       0
      Temps:          2       0       0       0       0       0       0       0       0       0       0       0       0       0       0       0
      Totals:         4       0       0       0       0       0       0       0       0       0       0       0       0       0       0       0
Total ram usage:        4 bytes
 Hardware stack levels used:    1
 Hardware stack levels required when called:    1
 This function calls:
		_writePin0
		_writePin1
		_writePin2
		_writePin3
		_writePin4
		_writePin5
		_writePin6
		_writePin7
 This function is called by:
		_main
 This function uses a non-reentrant model


 *************** function _writePin7 *****************
 Defined at:
		line 442 in file "assemblers.c"
 Parameters:    Size  Location     Type
		None
 Auto vars:     Size  Location     Type
		None
 Return value:  Size  Location     Type
		None               void
 Registers used:
		wreg
 Tracked objects:
		On entry : 
		On exit  : 
		Unchanged: 
 Data sizes:     COMRAM   BANK0   BANK1   BANK2   BANK3   BANK4   BANK5   BANK6   BANK7   BANK8   BANK9  BANK10  BANK11  BANK12  BANK13  BANK14
      Params:         0       0       0       0       0       0       0       0       0       0       0       0       0       0       0       0
      Locals:         0       0       0       0       0       0       0       0       0       0       0       0       0       0       0       0
      Temps:          0       0       0       0       0       0       0       0       0       0       0       0       0       0       0       0
      Totals:         0       0       0       0       0       0       0       0       0       0       0       0       0       0       0       0
Total ram usage:        0 bytes
 Hardware stack levels used:    1
 This function calls:
		Nothing
 This function is called by:
		_writePinMain
 This function uses a non-reentrant model


 *************** function _writePin6 *****************
 Defined at:
		line 382 in file "assemblers.c"
 Parameters:    Size  Location     Type
		None
 Auto vars:     Size  Location     Type
		None
 Return value:  Size  Location     Type
		None               void
 Registers used:
		wreg
 Tracked objects:
		On entry : 
		On exit  : 
		Unchanged: 
 Data sizes:     COMRAM   BANK0   BANK1   BANK2   BANK3   BANK4   BANK5   BANK6   BANK7   BANK8   BANK9  BANK10  BANK11  BANK12  BANK13  BANK14
      Params:         0       0       0       0       0       0       0       0       0       0       0       0       0       0       0       0
      Locals:         0       0       0       0       0       0       0       0       0       0       0       0       0       0       0       0
      Temps:          0       0       0       0       0       0       0       0       0       0       0       0       0       0       0       0
      Totals:         0       0       0       0       0       0       0       0       0       0       0       0       0       0       0       0
Total ram usage:        0 bytes
 Hardware stack levels used:    1
 This function calls:
		Nothing
 This function is called by:
		_writePinMain
 This function uses a non-reentrant model


 *************** function _writePin5 *****************
 Defined at:
		line 322 in file "assemblers.c"
 Parameters:    Size  Location     Type
		None
 Auto vars:     Size  Location     Type
		None
 Return value:  Size  Location     Type
		None               void
 Registers used:
		wreg
 Tracked objects:
		On entry : 
		On exit  : 
		Unchanged: 
 Data sizes:     COMRAM   BANK0   BANK1   BANK2   BANK3   BANK4   BANK5   BANK6   BANK7   BANK8   BANK9  BANK10  BANK11  BANK12  BANK13  BANK14
      Params:         0       0       0       0       0       0       0       0       0       0       0       0       0       0       0       0
      Locals:         0       0       0       0       0       0       0       0       0       0       0       0       0       0       0       0
      Temps:          0       0       0       0       0       0       0       0       0       0       0       0       0       0       0       0
      Totals:         0       0       0       0       0       0       0       0       0       0       0       0       0       0       0       0
Total ram usage:        0 bytes
 Hardware stack levels used:    1
 This function calls:
		Nothing
 This function is called by:
		_writePinMain
 This function uses a non-reentrant model


 *************** function _writePin4 *****************
 Defined at:
		line 262 in file "assemblers.c"
 Parameters:    Size  Location     Type
		None
 Auto vars:     Size  Location     Type
		None
 Return value:  Size  Location     Type
		None               void
 Registers used:
		wreg
 Tracked objects:
		On entry : 
		On exit  : 
		Unchanged: 
 Data sizes:     COMRAM   BANK0   BANK1   BANK2   BANK3   BANK4   BANK5   BANK6   BANK7   BANK8   BANK9  BANK10  BANK11  BANK12  BANK13  BANK14
      Params:         0       0       0       0       0       0       0       0       0       0       0       0       0       0       0       0
      Locals:         0       0       0       0       0       0       0       0       0       0       0       0       0       0       0       0
      Temps:          0       0       0       0       0       0       0       0       0       0       0       0       0       0       0       0
      Totals:         0       0       0       0       0       0       0       0       0       0       0       0       0       0       0       0
Total ram usage:        0 bytes
 Hardware stack levels used:    1
 This function calls:
		Nothing
 This function is called by:
		_writePinMain
 This function uses a non-reentrant model


 *************** function _writePin3 *****************
 Defined at:
		line 202 in file "assemblers.c"
 Parameters:    Size  Location     Type
		None
 Auto vars:     Size  Location     Type
		None
 Return value:  Size  Location     Type
		None               void
 Registers used:
		wreg
 Tracked objects:
		On entry : 
		On exit  : 
		Unchanged: 
 Data sizes:     COMRAM   BANK0   BANK1   BANK2   BANK3   BANK4   BANK5   BANK6   BANK7   BANK8   BANK9  BANK10  BANK11  BANK12  BANK13  BANK14
      Params:         0       0       0       0       0       0       0       0       0       0       0       0       0       0       0       0
      Locals:         0       0       0       0       0       0       0       0       0       0       0       0       0       0       0       0
      Temps:          0       0       0       0       0       0       0       0       0       0       0       0       0       0       0       0
      Totals:         0       0       0       0       0       0       0       0       0       0       0       0       0       0       0       0
Total ram usage:        0 bytes
 Hardware stack levels used:    1
 This function calls:
		Nothing
 This function is called by:
		_writePinMain
 This function uses a non-reentrant model


 *************** function _writePin2 *****************
 Defined at:
		line 142 in file "assemblers.c"
 Parameters:    Size  Location     Type
		None
 Auto vars:     Size  Location     Type
		None
 Return value:  Size  Location     Type
		None               void
 Registers used:
		wreg
 Tracked objects:
		On entry : 
		On exit  : 
		Unchanged: 
 Data sizes:     COMRAM   BANK0   BANK1   BANK2   BANK3   BANK4   BANK5   BANK6   BANK7   BANK8   BANK9  BANK10  BANK11  BANK12  BANK13  BANK14
      Params:         0       0       0       0       0       0       0       0       0       0       0       0       0       0       0       0
      Locals:         0       0       0       0       0       0       0       0       0       0       0       0       0       0       0       0
      Temps:          0       0       0       0       0       0       0       0       0       0       0       0       0       0       0       0
      Totals:         0       0       0       0       0       0       0       0       0       0       0       0       0       0       0       0
Total ram usage:        0 bytes
 Hardware stack levels used:    1
 This function calls:
		Nothing
 This function is called by:
		_writePinMain
 This function uses a non-reentrant model


 *************** function _writePin1 *****************
 Defined at:
		line 82 in file "assemblers.c"
 Parameters:    Size  Location     Type
		None
 Auto vars:     Size  Location     Type
		None
 Return value:  Size  Location     Type
		None               void
 Registers used:
		wreg
 Tracked objects:
		On entry : 
		On exit  : 
		Unchanged: 
 Data sizes:     COMRAM   BANK0   BANK1   BANK2   BANK3   BANK4   BANK5   BANK6   BANK7   BANK8   BANK9  BANK10  BANK11  BANK12  BANK13  BANK14
      Params:         0       0       0       0       0       0       0       0       0       0       0       0       0       0       0       0
      Locals:         0       0       0       0       0       0       0       0       0       0       0       0       0       0       0       0
      Temps:          0       0       0       0       0       0       0       0       0       0       0       0       0       0       0       0
      Totals:         0       0       0       0       0       0       0       0       0       0       0       0       0       0       0       0
Total ram usage:        0 bytes
 Hardware stack levels used:    1
 This function calls:
		Nothing
 This function is called by:
		_writePinMain
 This function uses a non-reentrant model


 *************** function _writePin0 *****************
 Defined at:
		line 22 in file "assemblers.c"
 Parameters:    Size  Location     Type
		None
 Auto vars:     Size  Location     Type
		None
 Return value:  Size  Location     Type
		None               void
 Registers used:
		wreg
 Tracked objects:
		On entry : 
		On exit  : 
		Unchanged: 
 Data sizes:     COMRAM   BANK0   BANK1   BANK2   BANK3   BANK4   BANK5   BANK6   BANK7   BANK8   BANK9  BANK10  BANK11  BANK12  BANK13  BANK14
      Params:         0       0       0       0       0       0       0       0       0       0       0       0       0       0       0       0
      Locals:         0       0       0       0       0       0       0       0       0       0       0       0       0       0       0       0
      Temps:          0       0       0       0       0       0       0       0       0       0       0       0       0       0       0       0
      Totals:         0       0       0       0       0       0       0       0       0       0       0       0       0       0       0       0
Total ram usage:        0 bytes
 Hardware stack levels used:    1
 This function calls:
		Nothing
 This function is called by:
		_writePinMain
 This function uses a non-reentrant model


 *************** function _WS2812Write *****************
 Defined at:
		line 14 in file "WS2812.c"
 Parameters:    Size  Location     Type
		None
 Auto vars:     Size  Location     Type
  var             2    0[COMRAM] int 
 Return value:  Size  Location     Type
		None               void
 Registers used:
		wreg, status,2
 Tracked objects:
		On entry : 
		On exit  : 
		Unchanged: 
 Data sizes:     COMRAM   BANK0   BANK1   BANK2   BANK3   BANK4   BANK5   BANK6   BANK7   BANK8   BANK9  BANK10  BANK11  BANK12  BANK13  BANK14
      Params:         0       0       0       0       0       0       0       0       0       0       0       0       0       0       0       0
      Locals:         2       0       0       0       0       0       0       0       0       0       0       0       0       0       0       0
      Temps:          0       0       0       0       0       0       0       0       0       0       0       0       0       0       0       0
      Totals:         2       0       0       0       0       0       0       0       0       0       0       0       0       0       0       0
Total ram usage:        2 bytes
 Hardware stack levels used:    1
 This function calls:
		Nothing
 This function is called by:
		_main
 This function uses a non-reentrant model


 *************** function _UART_Read *****************
 Defined at:
		line 36 in file "uart.h"
 Parameters:    Size  Location     Type
		None
 Auto vars:     Size  Location     Type
		None
 Return value:  Size  Location     Type
                  1    wreg      unsigned char 
 Registers used:
		wreg, status,2
 Tracked objects:
		On entry : 
		On exit  : 
		Unchanged: 
 Data sizes:     COMRAM   BANK0   BANK1   BANK2   BANK3   BANK4   BANK5   BANK6   BANK7   BANK8   BANK9  BANK10  BANK11  BANK12  BANK13  BANK14
      Params:         0       0       0       0       0       0       0       0       0       0       0       0       0       0       0       0
      Locals:         0       0       0       0       0       0       0       0       0       0       0       0       0       0       0       0
      Temps:          0       0       0       0       0       0       0       0       0       0       0       0       0       0       0       0
      Totals:         0       0       0       0       0       0       0       0       0       0       0       0       0       0       0       0
Total ram usage:        0 bytes
 Hardware stack levels used:    1
 This function calls:
		Nothing
 This function is called by:
		_main
		_UART_Read_Text
 This function uses a non-reentrant model


 *************** function _UART_Init *****************
 Defined at:
		line 1 in file "uart.h"
 Parameters:    Size  Location     Type
  baudrate        4   14[COMRAM] const long 
 Auto vars:     Size  Location     Type
  x               2   26[COMRAM] unsigned int 
 Return value:  Size  Location     Type
		None               void
 Registers used:
		wreg, status,2, status,0, cstack
 Tracked objects:
		On entry : 
		On exit  : 
		Unchanged: 
 Data sizes:     COMRAM   BANK0   BANK1   BANK2   BANK3   BANK4   BANK5   BANK6   BANK7   BANK8   BANK9  BANK10  BANK11  BANK12  BANK13  BANK14
      Params:         4       0       0       0       0       0       0       0       0       0       0       0       0       0       0       0
      Locals:         2       0       0       0       0       0       0       0       0       0       0       0       0       0       0       0
      Temps:          8       0       0       0       0       0       0       0       0       0       0       0       0       0       0       0
      Totals:        14       0       0       0       0       0       0       0       0       0       0       0       0       0       0       0
Total ram usage:       14 bytes
 Hardware stack levels used:    1
 Hardware stack levels required when called:    1
 This function calls:
		___aldiv
 This function is called by:
		_main
 This function uses a non-reentrant model


 *************** function ___aldiv *****************
 Defined at:
		line 8 in file "/opt/microchip/xc8/v1.34/sources/common/aldiv.c"
 Parameters:    Size  Location     Type
  dividend        4    0[COMRAM] long 
  divisor         4    4[COMRAM] long 
 Auto vars:     Size  Location     Type
  quotient        4   10[COMRAM] long 
  sign            1    9[COMRAM] unsigned char 
  counter         1    8[COMRAM] unsigned char 
 Return value:  Size  Location     Type
                  4    0[COMRAM] long 
 Registers used:
		wreg, status,2, status,0
 Tracked objects:
		On entry : 
		On exit  : 
		Unchanged: 
 Data sizes:     COMRAM   BANK0   BANK1   BANK2   BANK3   BANK4   BANK5   BANK6   BANK7   BANK8   BANK9  BANK10  BANK11  BANK12  BANK13  BANK14
      Params:         8       0       0       0       0       0       0       0       0       0       0       0       0       0       0       0
      Locals:         6       0       0       0       0       0       0       0       0       0       0       0       0       0       0       0
      Temps:          0       0       0       0       0       0       0       0       0       0       0       0       0       0       0       0
      Totals:        14       0       0       0       0       0       0       0       0       0       0       0       0       0       0       0
Total ram usage:       14 bytes
 Hardware stack levels used:    1
 This function calls:
		Nothing
 This function is called by:
		_UART_Init
 This function uses a non-reentrant model


 *************** function _UART_Data_Ready *****************
 Defined at:
		line 32 in file "uart.h"
 Parameters:    Size  Location     Type
		None
 Auto vars:     Size  Location     Type
		None
 Return value:  Size  Location     Type
                  1    wreg      unsigned char 
 Registers used:
		wreg
 Tracked objects:
		On entry : 
		On exit  : 
		Unchanged: 
 Data sizes:     COMRAM   BANK0   BANK1   BANK2   BANK3   BANK4   BANK5   BANK6   BANK7   BANK8   BANK9  BANK10  BANK11  BANK12  BANK13  BANK14
      Params:         0       0       0       0       0       0       0       0       0       0       0       0       0       0       0       0
      Locals:         0       0       0       0       0       0       0       0       0       0       0       0       0       0       0       0
      Temps:          0       0       0       0       0       0       0       0       0       0       0       0       0       0       0       0
      Totals:         0       0       0       0       0       0       0       0       0       0       0       0       0       0       0       0
Total ram usage:        0 bytes
 Hardware stack levels used:    1
 This function calls:
		Nothing
 This function is called by:
		_main
 This function uses a non-reentrant model


 *************** function _SetAllRGB *****************
 Defined at:
		line 92 in file "WS2812.c"
 Parameters:    Size  Location     Type
  red             1    wreg     unsigned char 
  green           1    0[COMRAM] unsigned char 
  blue            1    1[COMRAM] unsigned char 
 Auto vars:     Size  Location     Type
  red             1    2[COMRAM] unsigned char 
  i               2    3[COMRAM] int 
  idx             1    5[COMRAM] unsigned char 
 Return value:  Size  Location     Type
		None               void
 Registers used:
		wreg, fsr2l, fsr2h, status,2, status,0, prodl, prodh
 Tracked objects:
		On entry : 
		On exit  : 
		Unchanged: 
 Data sizes:     COMRAM   BANK0   BANK1   BANK2   BANK3   BANK4   BANK5   BANK6   BANK7   BANK8   BANK9  BANK10  BANK11  BANK12  BANK13  BANK14
      Params:         2       0       0       0       0       0       0       0       0       0       0       0       0       0       0       0
      Locals:         4       0       0       0       0       0       0       0       0       0       0       0       0       0       0       0
      Temps:          0       0       0       0       0       0       0       0       0       0       0       0       0       0       0       0
      Totals:         6       0       0       0       0       0       0       0       0       0       0       0       0       0       0       0
Total ram usage:        6 bytes
 Hardware stack levels used:    1
 This function calls:
		Nothing
 This function is called by:
		_main
 This function uses a non-reentrant model


 *************** function _DelayMs *****************
 Defined at:
		line 10 in file "main.c"
 Parameters:    Size  Location     Type
  x               2    0[COMRAM] unsigned int 
 Auto vars:     Size  Location     Type
  i               2    3[COMRAM] unsigned int 
 Return value:  Size  Location     Type
		None               void
 Registers used:
		wreg, status,2, status,0
 Tracked objects:
		On entry : 
		On exit  : 
		Unchanged: 
 Data sizes:     COMRAM   BANK0   BANK1   BANK2   BANK3   BANK4   BANK5   BANK6   BANK7   BANK8   BANK9  BANK10  BANK11  BANK12  BANK13  BANK14
      Params:         2       0       0       0       0       0       0       0       0       0       0       0       0       0       0       0
      Locals:         2       0       0       0       0       0       0       0       0       0       0       0       0       0       0       0
      Temps:          1       0       0       0       0       0       0       0       0       0       0       0       0       0       0       0
      Totals:         5       0       0       0       0       0       0       0       0       0       0       0       0       0       0       0
Total ram usage:        5 bytes
 Hardware stack levels used:    1
 This function calls:
		Nothing
 This function is called by:
		_main
 This function uses a non-reentrant model



MODULE INFORMATION

Module		Function		Class		Link	Load	Size
/opt/microchip/xc8/v1.34/sources/common/aldiv.c
		___aldiv       		CODE           	76A2	0000	223

/opt/microchip/xc8/v1.34/sources/common/aldiv.c estimated size: 223

WS2812.c
		_WS2812Write   		CODE           	72CE	0000	19
		_SetAllRGB     		CODE           	75C2	0000	111

WS2812.c estimated size: 130

uart.h
		_UART_Read     		CODE           	72C2	0000	13
		_UART_Data_Read		CODE           	72B8	0000	11
		_UART_Init     		CODE           	7780	0000	305

uart.h estimated size: 329

assemblers.c
		_writePin0     		CODE           	7332	0000	83
		_writePin1     		CODE           	7384	0000	83
		_writePin2     		CODE           	73D6	0000	83
		_writePin3     		CODE           	7428	0000	83
		_writePin4     		CODE           	747A	0000	83
		_writePin5     		CODE           	74CC	0000	83
		_writePin6     		CODE           	751E	0000	83
		_writePin7     		CODE           	7570	0000	83
		_writePinMain  		CODE           	7630	0000	115

assemblers.c estimated size: 779

shared
		__initializatio		CODE           	72E0	0000	29
		_Sinewave      		MEDIUMCONST    	79FF	0000	1537

shared estimated size: 1566

main.c
		_main          		CODE           	78B0	0000	335
		_DelayMs       		CODE           	7306	0000	45

main.c estimated size: 380

